[0.011s] Invoking command in '/home/catia/ros2_ws/build/navigation_': /usr/bin/cmake --build /home/catia/ros2_ws/build/navigation_ -- -j8 -l8
[0.030s] -- Found ament_cmake: 1.3.9 (/opt/ros/humble/share/ament_cmake/cmake)
[0.137s] -- Found rclcpp: 16.0.9 (/opt/ros/humble/share/rclcpp/cmake)
[0.159s] -- Found rosidl_generator_c: 3.1.5 (/opt/ros/humble/share/rosidl_generator_c/cmake)
[0.161s] -- Found rosidl_adapter: 3.1.5 (/opt/ros/humble/share/rosidl_adapter/cmake)
[0.165s] -- Found rosidl_generator_cpp: 3.1.5 (/opt/ros/humble/share/rosidl_generator_cpp/cmake)
[0.173s] -- Using all available rosidl_typesupport_c: rosidl_typesupport_fastrtps_c;rosidl_typesupport_introspection_c
[0.184s] -- Using all available rosidl_typesupport_cpp: rosidl_typesupport_fastrtps_cpp;rosidl_typesupport_introspection_cpp
[0.227s] -- Found rmw_implementation_cmake: 6.1.2 (/opt/ros/humble/share/rmw_implementation_cmake/cmake)
[0.228s] -- Found rmw_fastrtps_cpp: 6.2.6 (/opt/ros/humble/share/rmw_fastrtps_cpp/cmake)
[0.318s] -- Using RMW implementation 'rmw_fastrtps_cpp' as default
[0.438s] -- Found nav_msgs: 4.2.4 (/opt/ros/humble/share/nav_msgs/cmake)
[0.528s] -- Found sensor_msgs: 4.2.4 (/opt/ros/humble/share/sensor_msgs/cmake)
[0.590s] -- Found tf2: 0.25.7 (/opt/ros/humble/share/tf2/cmake)
[0.596s] -- Found tf2_ros: 0.25.7 (/opt/ros/humble/share/tf2_ros/cmake)
[0.832s] -- Found visualization_msgs: 4.2.4 (/opt/ros/humble/share/visualization_msgs/cmake)
[0.928s] -- Found ament_lint_auto: 0.12.11 (/opt/ros/humble/share/ament_lint_auto/cmake)
[0.966s] Error parsing '/home/catia/ros2_ws/src/navigation_/package.xml':
[0.998s] Traceback (most recent call last):
[0.998s]   File "/usr/lib/python3/dist-packages/catkin_pkg/package.py", line 610, in parse_package_string
[0.999s]     root = dom.parseString(data)
[0.999s]   File "/usr/lib/python3.10/xml/dom/minidom.py", line 2000, in parseString
[0.999s]     return expatbuilder.parseString(string)
[0.999s]   File "/usr/lib/python3.10/xml/dom/expatbuilder.py", line 925, in parseString
[1.000s]     return builder.parseString(string)
[1.000s]   File "/usr/lib/python3.10/xml/dom/expatbuilder.py", line 223, in parseString
[1.000s]     parser.Parse(string, True)
[1.001s] xml.parsers.expat.ExpatError: mismatched tag: line 24, column 2
[1.001s] 
[1.001s] During handling of the above exception, another exception occurred:
[1.001s] 
[1.001s] Traceback (most recent call last):
[1.001s]   File "/opt/ros/humble/share/ament_cmake_core/cmake/core/package_xml_2_cmake.py", line 150, in <module>
[1.001s]     main()
[1.001s]   File "/opt/ros/humble/share/ament_cmake_core/cmake/core/package_xml_2_cmake.py", line 53, in main
[1.002s]     raise e
[1.002s]   File "/opt/ros/humble/share/ament_cmake_core/cmake/core/package_xml_2_cmake.py", line 49, in main
[1.002s]     package = parse_package_string(
[1.002s]   File "/usr/lib/python3/dist-packages/catkin_pkg/package.py", line 612, in parse_package_string
[1.002s]     raise InvalidPackage('The manifest contains invalid XML:\n%s' % ex, filename)
[1.002s] catkin_pkg.package.InvalidPackage: Error(s) in package '/home/catia/ros2_ws/src/navigation_/package.xml':
[1.002s] The manifest contains invalid XML:
[1.002s] mismatched tag: line 24, column 2
[1.012s] [31mCMake Error at /opt/ros/humble/share/ament_cmake_core/cmake/core/ament_package_xml.cmake:95 (message):
[1.012s]   execute_process(/usr/bin/python3
[1.012s]   /opt/ros/humble/share/ament_cmake_core/cmake/core/package_xml_2_cmake.py
[1.012s]   /home/catia/ros2_ws/src/navigation_/package.xml
[1.012s]   /home/catia/ros2_ws/build/navigation_/ament_cmake_core/package.cmake)
[1.012s]   returned error code 1
[1.012s] Call Stack (most recent call first):
[1.013s]   /opt/ros/humble/share/ament_cmake_core/cmake/core/ament_package_xml.cmake:49 (_ament_package_xml)
[1.013s]   /opt/ros/humble/share/ament_lint_auto/cmake/ament_lint_auto_find_test_dependencies.cmake:31 (ament_package_xml)
[1.013s]   CMakeLists.txt:48 (ament_lint_auto_find_test_dependencies)
[1.013s] 
[1.013s] [0m
[1.013s] -- Configuring incomplete, errors occurred!
[1.013s] See also "/home/catia/ros2_ws/build/navigation_/CMakeFiles/CMakeOutput.log".
[1.019s] gmake: *** [Makefile:349: cmake_check_build_system] Error 1
[1.021s] Invoked command in '/home/catia/ros2_ws/build/navigation_' returned '2': /usr/bin/cmake --build /home/catia/ros2_ws/build/navigation_ -- -j8 -l8
